// Jest Snapshot v1, https://goo.gl/fbAQLP

exports[`<Footer /> renders the <Footer /> component with popluated data 1`] = `
<div
  class="style__Container-sc-9g1ct2-0 kcLLPU"
>
  <p
    class="style__Title-sc-9g1ct2-4 dfXSfK"
  >
    <a
      class="style__Link-sc-9g1ct2-3 uCWjz"
      href="#"
    >
      Questions? Contact us.
    </a>
  </p>
  <div
    class="style__Break-sc-9g1ct2-6 cSzBMC"
  />
  <div
    class="style__Row-sc-9g1ct2-1 dtQHkX"
  >
    <div
      class="style__Column-sc-9g1ct2-2 gvBytL"
    >
      <a
        class="style__Link-sc-9g1ct2-3 uCWjz"
        href="#"
      >
        FAQ
      </a>
      <a
        class="style__Link-sc-9g1ct2-3 uCWjz"
        href="#"
      >
        Investor Relations
      </a>
      <a
        class="style__Link-sc-9g1ct2-3 uCWjz"
        href="#"
      >
        Privacy
      </a>
      <a
        class="style__Link-sc-9g1ct2-3 uCWjz"
        href="#"
      >
        Speed Test
      </a>
    </div>
    <div
      class="style__Column-sc-9g1ct2-2 gvBytL"
    >
      <a
        class="style__Link-sc-9g1ct2-3 uCWjz"
        href="#"
      >
        Help Center
      </a>
      <a
        class="style__Link-sc-9g1ct2-3 uCWjz"
        href="#"
      >
        Jobs
      </a>
      <a
        class="style__Link-sc-9g1ct2-3 uCWjz"
        href="#"
      >
        Cookie Preferences
      </a>
      <a
        class="style__Link-sc-9g1ct2-3 uCWjz"
        href="#"
      >
        Legal Notices
      </a>
    </div>
    <div
      class="style__Column-sc-9g1ct2-2 gvBytL"
    >
      <a
        class="style__Link-sc-9g1ct2-3 uCWjz"
        href="#"
      >
        Account
      </a>
      <a
        class="style__Link-sc-9g1ct2-3 uCWjz"
        href="#"
      >
        Ways to Watch
      </a>
      <a
        class="style__Link-sc-9g1ct2-3 uCWjz"
        href="#"
      >
        Corporate Information
      </a>
      <a
        class="style__Link-sc-9g1ct2-3 uCWjz"
        href="#"
      >
        Netflix Originals
      </a>
    </div>
    <div
      class="style__Column-sc-9g1ct2-2 gvBytL"
    >
      <a
        class="style__Link-sc-9g1ct2-3 uCWjz"
        href="#"
      >
        Media Center
      </a>
      <a
        class="style__Link-sc-9g1ct2-3 uCWjz"
        href="#"
      >
        Terms of Use
      </a>
      <a
        class="style__Link-sc-9g1ct2-3 uCWjz"
        href="#"
      >
        Contact Us
      </a>
    </div>
  </div>
  <div
    class="style__Break-sc-9g1ct2-6 cSzBMC"
  />
  <p
    class="style__Text-sc-9g1ct2-5 gVhtCs"
  >
    Netflix United Kingdom
  </p>
</div>
`;
